---
source: tests/snapshots.rs
assertion_line: 42
expression: stripped
---
{
  "findings": [
    {
      "account": null,
      "column": null,
      "file": null,
      "hint": "Verify that debited lamports are credited elsewhere, or add a rent-exempt minimum check: `require!(account.lamports() >= rent_exempt_min, ErrorCode::RentViolation)`.",
      "instruction": "deposit",
      "line": null,
      "message": "Instruction `deposit` debits lamports from user, vault but shows no corresponding credit or CPI. This may violate lamports conservation or drop accounts below the rent-exempt minimum.",
      "program": "vault",
      "rule": "unchecked_balance_flow",
      "severity": "medium"
    },
    {
      "account": "vault",
      "column": 4,
      "file": "programs/vault/src/lib.rs",
      "hint": "Either type the field as `Account<'info, T>` for compile-time ownership, or add `#[account(owner = <expected_program_id>)]`.",
      "instruction": "deposit",
      "line": 45,
      "message": "Account `vault` on instruction `deposit` is mutable but typed as `AccountInfo` and lacks an `#[account(owner = …)]` constraint. Runtime code can deserialize arbitrary data into it.",
      "program": "vault",
      "rule": "missing_ownership",
      "severity": "high"
    },
    {
      "account": "vault",
      "column": 4,
      "file": "programs/vault/src/lib.rs",
      "hint": "Either type the field as `Account<'info, T>` for compile-time ownership, or add `#[account(owner = <expected_program_id>)]`.",
      "instruction": "withdraw",
      "line": 45,
      "message": "Account `vault` on instruction `withdraw` is mutable but typed as `AccountInfo` and lacks an `#[account(owner = …)]` constraint. Runtime code can deserialize arbitrary data into it.",
      "program": "vault",
      "rule": "missing_ownership",
      "severity": "high"
    },
    {
      "account": "destination",
      "column": 4,
      "file": "programs/vault/src/lib.rs",
      "hint": "Add `#[account(mut)]` to the field and set `writable: true` in the IDL.",
      "instruction": "withdraw",
      "line": 59,
      "message": "Account `destination` on instruction `withdraw` is not declared mutable but its name implies a write target.",
      "program": "vault",
      "rule": "missing_mut",
      "severity": "medium"
    },
    {
      "account": "user",
      "column": 4,
      "file": "programs/vault/src/lib.rs",
      "hint": "Type the field as `Signer` instead of `AccountInfo`.",
      "instruction": "deposit",
      "line": 38,
      "message": "Account `user` on instruction `deposit` is declared as `AccountInfo` in the handler but is not marked as a signer in the IDL. `AccountInfo` is the unsafe escape hatch — there is no runtime signer check.",
      "program": "vault",
      "rule": "missing_signer",
      "severity": "critical"
    },
    {
      "account": "authority",
      "column": 4,
      "file": "programs/vault/src/lib.rs",
      "hint": "Type the field as `Signer` instead of `AccountInfo`.",
      "instruction": "deposit",
      "line": 42,
      "message": "Account `authority` on instruction `deposit` is declared as `AccountInfo` in the handler but is not marked as a signer in the IDL. `AccountInfo` is the unsafe escape hatch — there is no runtime signer check.",
      "program": "vault",
      "rule": "missing_signer",
      "severity": "critical"
    },
    {
      "account": "vault",
      "column": 4,
      "file": "programs/vault/src/lib.rs",
      "hint": "Type the field as `Signer` instead of `AccountInfo`.",
      "instruction": "deposit",
      "line": 45,
      "message": "Account `vault` on instruction `deposit` is declared as `AccountInfo` in the handler but is not marked as a signer in the IDL. `AccountInfo` is the unsafe escape hatch — there is no runtime signer check.",
      "program": "vault",
      "rule": "missing_signer",
      "severity": "critical"
    },
    {
      "account": "authority",
      "column": 4,
      "file": "programs/vault/src/lib.rs",
      "hint": "Type the field as `Signer` instead of `AccountInfo`.",
      "instruction": "withdraw",
      "line": 42,
      "message": "Account `authority` on instruction `withdraw` is declared as `AccountInfo` in the handler but is not marked as a signer in the IDL. `AccountInfo` is the unsafe escape hatch — there is no runtime signer check.",
      "program": "vault",
      "rule": "missing_signer",
      "severity": "critical"
    },
    {
      "account": "vault",
      "column": 4,
      "file": "programs/vault/src/lib.rs",
      "hint": "Type the field as `Signer` instead of `AccountInfo`.",
      "instruction": "withdraw",
      "line": 45,
      "message": "Account `vault` on instruction `withdraw` is declared as `AccountInfo` in the handler but is not marked as a signer in the IDL. `AccountInfo` is the unsafe escape hatch — there is no runtime signer check.",
      "program": "vault",
      "rule": "missing_signer",
      "severity": "critical"
    },
    {
      "account": "destination",
      "column": 4,
      "file": "programs/vault/src/lib.rs",
      "hint": "Type the field as `Signer` instead of `AccountInfo`.",
      "instruction": "withdraw",
      "line": 59,
      "message": "Account `destination` on instruction `withdraw` is declared as `AccountInfo` in the handler but is not marked as a signer in the IDL. `AccountInfo` is the unsafe escape hatch — there is no runtime signer check.",
      "program": "vault",
      "rule": "missing_signer",
      "severity": "critical"
    },
    {
      "account": null,
      "column": 41,
      "file": "programs/vault/src/lib.rs",
      "hint": "Replace `a + b` with `a.checked_+(b).unwrap()` or use a checked-math helper.",
      "instruction": null,
      "line": 19,
      "message": "Unchecked `+` between `vault` and `amount` — wrap in `checked_+`, `saturating_+`, or `overflowing_+` to avoid panics on overflow.",
      "program": "vault",
      "rule": "unsafe_arithmetic",
      "severity": "medium"
    },
    {
      "account": null,
      "column": 41,
      "file": "programs/vault/src/lib.rs",
      "hint": "Replace `a - b` with `a.checked_-(b).unwrap()` or use a checked-math helper.",
      "instruction": null,
      "line": 29,
      "message": "Unchecked `-` between `vault` and `amount` — wrap in `checked_-`, `saturating_-`, or `overflowing_-` to avoid panics on overflow.",
      "program": "vault",
      "rule": "unsafe_arithmetic",
      "severity": "medium"
    },
    {
      "account": "user",
      "column": 4,
      "file": "programs/vault/src/lib.rs",
      "hint": "Type the fields as `Account<'info, T>` or use `#[account(mut)]` with `has_one` constraints to derive distinct addresses from seeds.",
      "instruction": "deposit",
      "line": 38,
      "message": "Instruction `deposit` has ≥2 mutable `AccountInfo` accounts (user, vault) — an attacker can pass the same pubkey for both. Debiting one also debits the other because they reference the same account.",
      "program": "vault",
      "rule": "duplicate_mutable_accounts",
      "severity": "high"
    },
    {
      "account": "user",
      "column": 42,
      "file": "programs/vault/src/lib.rs",
      "hint": "Add a guard before the debit: `require!(user.lamports() >= amount, ErrorCode::InsufficientFunds)` or use `checked_sub`.",
      "instruction": "deposit",
      "line": 21,
      "message": "Account `user` has lamports debited by `amount` in `deposit` without a preceding balance check. An attacker can drain the account by calling with `amount > account.lamports()`.",
      "program": "vault",
      "rule": "missing_balance_check",
      "severity": "critical"
    }
  ],
  "summary": {
    "critical": 7,
    "high": 3,
    "info": 0,
    "low": 0,
    "medium": 4,
    "total": 14
  }
}
